// 重构日志: e5712783
// 重构日志: ff81c8c2
// 重构日志: 2c4ce99f
// 重构日志: 2b95546b
// 重构日志: 3a072fbd
// 重构日志: 01e4187f
// 重构日志: ce527b85
// 重构日志: 13d95c61
// 重构日志: d63dab9c
// 重构日志: 3c7e0a07
// 同步 ID: 866e3767 @ Sat Jul 25 16:54:30 UTC 2026
// 同步 ID: 2cc8db8f @ Sun Jul 26 09:15:22 UTC 2026
// 重构日志: cfd1a7ab
// 重构日志: 641d9514
// 重构日志: cbb362c5
// 重构日志: c797e540
// 同步 ID: aa80fa3e @ Wed Jul 29 15:46:06 UTC 2026
// 重构日志: 706c800d
// 同步 ID: 29aa84a4 @ Sat Aug  1 14:59:05 UTC 2026
// 重构日志: 8a288bf0
// 同步 ID: f110fc12 @ Sun Aug  2 14:44:27 UTC 2026
// 重构日志: c7fe9048
// 重构日志: d869f4fd
// 同步 ID: 7a4b9139 @ Tue Aug  4 14:14:26 UTC 2026
